[36mvite v8.0.3 [32mbuilding client environment for production...[36m[39m
[2K
transforming...Ô£ô 2322 modules transformed.
rendering chunks...
node.exe : [31mÔ£ù[39m 
Build failed in 583ms
At line:1 char:1
+ & "C:\Program 
Files\nodejs/node.exe" 
"C:\Program 
Files\nodejs/node_mo ...
+ ~~~~~~~~~~~~~~~~~~~~~~~~~
~~~~~~~~~~~~~~~~~~~~~~~~~~~
~~~~~~~~~~~~~~~~~
    + CategoryInfo         
     : NotSpecified: ([3  
  1mÔ£ù[39m Build faile   
 d in 583ms:String) [],    
 RemoteException
    + FullyQualifiedErrorI 
   d : NativeCommandError
 
[31merror during build:
[31mBuild failed with 1 
error:

[31m[MISSING_EXPORT] 
Error:[0m "Instagram" is 
not exported by "node_modul
es/lucide-react/dist/esm/lu
cide-react.js".
   [38;5;246mÔò¡[0m[38;5
;246mÔöÇ[0m[38;5;246m[[0
m src/components/layout/Foo
ter.jsx:2:19 
[38;5;246m][0m
   [38;5;246mÔöé[0m
 [38;5;246m2 Ôöé[0m [38;
5;249mi[0m[38;5;249mm[0m
[38;5;249mp[0m[38;5;249m
o[0m[38;5;249mr[0m[38;5
;249mt[0m[38;5;249m [0m
[38;5;249m{[0m[38;5;249m 
[0m[38;5;249mC[0m[38;5;
249mh[0m[38;5;249me[0m[
38;5;249mf[0m[38;5;249mH
[0m[38;5;249ma[0m[38;5;2
49mt[0m[38;5;249m,[0m[3
8;5;249m [0mInstagram[38;
5;249m,[0m[38;5;249m [0m
[38;5;249mM[0m[38;5;249m
e[0m[38;5;249ms[0m[38;5
;249ms[0m[38;5;249ma[0m
[38;5;249mg[0m[38;5;249me
[0m[38;5;249mC[0m[38;5;
249mi[0m[38;5;249mr[0m[
38;5;249mc[0m[38;5;249ml
[0m[38;5;249me[0m[38;5;2
49m,[0m[38;5;249m [0m[3
8;5;249mM[0m[38;5;249ma[
0m[38;5;249mi[0m[38;5;24
9ml[0m[38;5;249m [0m[38
;5;249m}[0m[38;5;249m [0
m[38;5;249mf[0m[38;5;249
mr[0m[38;5;249mo[0m[38;
5;249mm[0m[38;5;249m [0m
[38;5;249m"[0m[38;5;249m
l[0m[38;5;249mu[0m[38;5
;249mc[0m[38;5;249mi[0m
[38;5;249md[0m[38;5;249me
[0m[38;5;249m-[0m[38;5;
249mr[0m[38;5;249me[0m[
38;5;249ma[0m[38;5;249mc
[0m[38;5;249mt[0m[38;5;2
49m"[0m[38;5;249m;[0m
 [38;5;240m  Ôöé[0m      
             ÔöÇÔöÇÔöÇÔöÇÔö
¼ÔöÇÔöÇÔöÇÔöÇ  
 [38;5;240m  Ôöé[0m      
                 
Ôò░ÔöÇÔöÇÔöÇÔöÇÔöÇÔöÇ 
Missing export
[38;5;246mÔöÇÔöÇÔöÇÔò»[0m
[31m
    at aggregateBindingErro
rsIntoJsError (file:///C:/U
sers/USER/Downloads/UMKM%20
buat%20porto/node_modules/r
olldown/dist/shared/error-B
LhcSyeg.mjs:48:18)
    at unwrapBindingResult 
(file:///C:/Users/USER/Down
loads/UMKM%20buat%20porto/n
ode_modules/rolldown/dist/s
hared/error-BLhcSyeg.mjs:18
:128)
    at #build (file:///C:/U
sers/USER/Downloads/UMKM%20
buat%20porto/node_modules/r
olldown/dist/shared/rolldow
n-build-CPrIX9V6.mjs:3313:3
4)
    at async 
buildEnvironment (file:///C
:/Users/USER/Downloads/UMKM
%20buat%20porto/node_module
s/vite/dist/node/chunks/nod
e.js:32849:64)
    at async Object.build (
file:///C:/Users/USER/Downl
oads/UMKM%20buat%20porto/no
de_modules/vite/dist/node/c
hunks/node.js:33271:19)
    at async 
Object.buildApp (file:///C:
/Users/USER/Downloads/UMKM%
20buat%20porto/node_modules
/vite/dist/node/chunks/node
.js:33268:153)
    at async 
CAC.<anonymous> (file:///C:
/Users/USER/Downloads/UMKM%
20buat%20porto/node_modules
/vite/dist/node/cli.js:778:
3) {
  errors: [Getter/Setter]
}[39m
